swear the Jabberwock, my son!
The jaws that bite, the claws that catch!
swear the Jubjub bird, and shun
The frumpy Bandersnatch!